[2025-11-30 19:45:31] [INFO] Starting scrape run at 2025-11-30T19:45:31.251231Z
[2025-11-30 19:45:31] [INFO] Scraping The Earl...
[2025-11-30 19:45:36] [INFO]   Found 40 events
[2025-11-30 19:45:36] [INFO] Scraping Tabernacle...
[2025-11-30 19:45:37] [INFO]   Found 35 events
[2025-11-30 19:45:37] [INFO] Scraping Terminal West...
[2025-11-30 19:45:38] [INFO]   Found 50 events
[2025-11-30 19:45:38] [INFO] Scraping The Eastern...
[2025-11-30 19:45:38] [INFO]   Found 40 events
[2025-11-30 19:45:38] [INFO] Scraping Variety Playhouse...
[2025-11-30 19:45:38] [INFO]   Found 47 events
[2025-11-30 19:45:38] [INFO] Scraping Coca-Cola Roxy...
[2025-11-30 19:45:39] [INFO]   Found 23 events
[2025-11-30 19:45:39] [INFO] Scraping Fox Theatre...
[2025-11-30 19:45:40] [INFO]   Found 7 events
[2025-11-30 19:45:40] [INFO] Scraping Mercedes-Benz Stadium...
[2025-11-30 19:45:40] [INFO]   Found 9 events
[2025-11-30 19:45:40] [INFO] Scraping State Farm Arena...
[2025-11-30 19:45:41] [INFO]   Found 77 events
[2025-11-30 19:45:41] [INFO] Scraping The Masquerade...
[2025-11-30 19:45:42] [INFO]   Found 101 events
[2025-11-30 19:45:42] [INFO] Scraping Center Stage...
[2025-11-30 19:45:43] [INFO]   Found 68 events
[2025-11-30 19:45:43] [INFO] 
Enriching events with Ticketmaster artist data...
[2025-11-30 19:45:43] [INFO] 
Processing events...
[2025-11-30 19:45:43] [WARNING]   Filtered out 1 invalid events
[2025-11-30 19:45:43] [INFO] 
Archiving past events...
[2025-11-30 19:45:43] [INFO]   Archive total: 0 events
[2025-11-30 19:45:43] [INFO] 
Total valid events: 496
[2025-11-30 19:45:43] [INFO] Events saved to /home/runner/work/atl-gigs/atl-gigs/atl-gigs/public/events/events.json
[2025-11-30 19:45:43] [INFO] Archive saved to /home/runner/work/atl-gigs/atl-gigs/atl-gigs/public/events/archive.json
[2025-11-30 19:45:43] [INFO] Status saved to /home/runner/work/atl-gigs/atl-gigs/atl-gigs/public/events/scrape-status.json

--- New Run ---
[2025-11-30 19:50:36] [INFO] Starting scrape run at 2025-11-30T19:50:36.846319Z
[2025-11-30 19:50:36] [INFO] Scraping The Earl...
[2025-11-30 19:50:41] [INFO]   Found 40 events
[2025-11-30 19:50:41] [INFO] Scraping Tabernacle...
[2025-11-30 19:50:42] [INFO]   Found 35 events
[2025-11-30 19:50:42] [INFO] Scraping Terminal West...
[2025-11-30 19:50:43] [INFO]   Found 50 events
[2025-11-30 19:50:43] [INFO] Scraping The Eastern...
[2025-11-30 19:50:44] [INFO]   Found 40 events
[2025-11-30 19:50:44] [INFO] Scraping Variety Playhouse...
[2025-11-30 19:50:45] [INFO]   Found 47 events
[2025-11-30 19:50:45] [INFO] Scraping Coca-Cola Roxy...
[2025-11-30 19:50:46] [INFO]   Found 23 events
[2025-11-30 19:50:46] [INFO] Scraping Fox Theatre...
[2025-11-30 19:50:47] [INFO]   Found 0 events
[2025-11-30 19:50:47] [INFO] Scraping Mercedes-Benz Stadium...
[2025-11-30 19:50:48] [INFO]   Found 9 events
[2025-11-30 19:50:48] [INFO] Scraping State Farm Arena...
[2025-11-30 19:50:48] [INFO]   Found 77 events
[2025-11-30 19:50:48] [INFO] Scraping The Masquerade...
[2025-11-30 19:50:50] [INFO]   Found 101 events
[2025-11-30 19:50:50] [INFO] Scraping Center Stage...
[2025-11-30 19:50:51] [INFO]   Found 68 events
[2025-11-30 19:50:51] [INFO] 
Enriching events with Ticketmaster artist data...
[2025-11-30 19:50:51] [INFO] 
Processing events...
[2025-11-30 19:50:51] [WARNING]   Filtered out 1 invalid events
[2025-11-30 19:50:51] [INFO] 
Archiving past events...
[2025-11-30 19:50:51] [INFO]   Archive total: 0 events
[2025-11-30 19:50:51] [INFO] 
Total valid events: 489
[2025-11-30 19:50:51] [INFO] Events saved to /home/runner/work/atl-gigs/atl-gigs/atl-gigs/public/events/events.json
[2025-11-30 19:50:51] [INFO] Archive saved to /home/runner/work/atl-gigs/atl-gigs/atl-gigs/public/events/archive.json
[2025-11-30 19:50:51] [INFO] Status saved to /home/runner/work/atl-gigs/atl-gigs/atl-gigs/public/events/scrape-status.json

--- New Run ---
[2025-11-30 19:54:22] [INFO] Starting scrape run at 2025-11-30T19:54:22.432051Z
[2025-11-30 19:54:22] [INFO] Scraping The Earl...
[2025-11-30 19:54:26] [INFO]   Found 40 events
[2025-11-30 19:54:26] [INFO] Scraping Tabernacle...
[2025-11-30 19:54:28] [INFO]   Found 35 events
[2025-11-30 19:54:28] [INFO] Scraping Terminal West...
[2025-11-30 19:54:29] [INFO]   Found 50 events
[2025-11-30 19:54:29] [INFO] Scraping The Eastern...
[2025-11-30 19:54:29] [INFO]   Found 40 events
[2025-11-30 19:54:29] [INFO] Scraping Variety Playhouse...
[2025-11-30 19:54:30] [INFO]   Found 47 events
[2025-11-30 19:54:30] [INFO] Scraping Coca-Cola Roxy...
[2025-11-30 19:54:32] [INFO]   Found 23 events
[2025-11-30 19:54:32] [INFO] Scraping Fox Theatre...
[2025-11-30 19:54:33] [INFO]   Found 7 events
[2025-11-30 19:54:33] [INFO] Scraping Mercedes-Benz Stadium...
[2025-11-30 19:54:33] [INFO]   Found 9 events
[2025-11-30 19:54:33] [INFO] Scraping State Farm Arena...
[2025-11-30 19:54:34] [INFO]   Found 77 events
[2025-11-30 19:54:34] [INFO] Scraping The Masquerade...
[2025-11-30 19:54:35] [INFO]   Found 101 events
[2025-11-30 19:54:35] [INFO] Scraping Center Stage...
[2025-11-30 19:54:36] [INFO]   Found 68 events
[2025-11-30 19:54:36] [INFO] 
Enriching events with Ticketmaster artist data...
[2025-11-30 19:54:36] [INFO] 
Processing events...
[2025-11-30 19:54:36] [WARNING]   Filtered out 1 invalid events
[2025-11-30 19:54:36] [INFO] 
Archiving past events...
[2025-11-30 19:54:36] [INFO]   Archive total: 0 events
[2025-11-30 19:54:36] [INFO] 
Total valid events: 496
[2025-11-30 19:54:36] [INFO] Events saved to /home/runner/work/atl-gigs/atl-gigs/atl-gigs/public/events/events.json
[2025-11-30 19:54:36] [INFO] Archive saved to /home/runner/work/atl-gigs/atl-gigs/atl-gigs/public/events/archive.json
[2025-11-30 19:54:36] [INFO] Status saved to /home/runner/work/atl-gigs/atl-gigs/atl-gigs/public/events/scrape-status.json

--- New Run ---
[2025-11-30 19:58:57] [INFO] Starting scrape run at 2025-11-30T19:58:57.129260Z
[2025-11-30 19:58:57] [INFO] Scraping The Earl...
[2025-11-30 19:59:02] [INFO]   Found 40 events
[2025-11-30 19:59:02] [INFO] Scraping Tabernacle...
[2025-11-30 19:59:02] [INFO]   Found 35 events
[2025-11-30 19:59:02] [INFO] Scraping Terminal West...
[2025-11-30 19:59:03] [INFO]   Found 50 events
[2025-11-30 19:59:03] [INFO] Scraping The Eastern...
[2025-11-30 19:59:03] [INFO]   Found 40 events
[2025-11-30 19:59:03] [INFO] Scraping Variety Playhouse...
[2025-11-30 19:59:03] [INFO]   Found 47 events
[2025-11-30 19:59:03] [INFO] Scraping Coca-Cola Roxy...
[2025-11-30 19:59:04] [INFO]   Found 23 events
[2025-11-30 19:59:04] [INFO] Scraping Fox Theatre...
[2025-11-30 19:59:05] [INFO]   Found 17 events
[2025-11-30 19:59:05] [INFO] Scraping Mercedes-Benz Stadium...
[2025-11-30 19:59:06] [INFO]   Found 9 events
[2025-11-30 19:59:06] [INFO] Scraping State Farm Arena...
[2025-11-30 19:59:06] [INFO]   Found 77 events
[2025-11-30 19:59:06] [INFO] Scraping The Masquerade...
[2025-11-30 19:59:08] [INFO]   Found 101 events
[2025-11-30 19:59:08] [INFO] Scraping Center Stage...
[2025-11-30 19:59:09] [INFO]   Found 68 events
[2025-11-30 19:59:09] [INFO] 
Enriching events with Ticketmaster artist data...
[2025-11-30 19:59:09] [INFO] 
Processing events...
[2025-11-30 19:59:09] [WARNING]   Filtered out 1 invalid events
[2025-11-30 19:59:09] [INFO] 
Archiving past events...
[2025-11-30 19:59:09] [INFO]   Archive total: 0 events
[2025-11-30 19:59:09] [INFO] 
Total valid events: 506
[2025-11-30 19:59:09] [INFO] Events saved to /home/runner/work/atl-gigs/atl-gigs/atl-gigs/public/events/events.json
[2025-11-30 19:59:09] [INFO] Archive saved to /home/runner/work/atl-gigs/atl-gigs/atl-gigs/public/events/archive.json
[2025-11-30 19:59:09] [INFO] Status saved to /home/runner/work/atl-gigs/atl-gigs/atl-gigs/public/events/scrape-status.json

--- New Run ---
[2025-11-30 20:01:04] [INFO] Starting scrape run at 2025-11-30T20:01:04.286020Z
[2025-11-30 20:01:04] [INFO] Scraping The Earl...
[2025-11-30 20:01:09] [INFO]   Found 40 events
[2025-11-30 20:01:09] [INFO] Scraping Tabernacle...
[2025-11-30 20:01:10] [INFO]   Found 35 events
[2025-11-30 20:01:10] [INFO] Scraping Terminal West...
[2025-11-30 20:01:11] [INFO]   Found 50 events
[2025-11-30 20:01:11] [INFO] Scraping The Eastern...
[2025-11-30 20:01:12] [INFO]   Found 40 events
[2025-11-30 20:01:12] [INFO] Scraping Variety Playhouse...
[2025-11-30 20:01:12] [INFO]   Found 47 events
[2025-11-30 20:01:12] [INFO] Scraping Coca-Cola Roxy...
[2025-11-30 20:01:14] [INFO]   Found 23 events
[2025-11-30 20:01:14] [INFO] Scraping Fox Theatre...
[2025-11-30 20:01:15] [INFO]   Found 7 events
[2025-11-30 20:01:15] [INFO] Scraping Mercedes-Benz Stadium...
[2025-11-30 20:01:15] [INFO]   Found 9 events
[2025-11-30 20:01:15] [INFO] Scraping State Farm Arena...
[2025-11-30 20:01:16] [INFO]   Found 77 events
[2025-11-30 20:01:16] [INFO] Scraping The Masquerade...
[2025-11-30 20:01:23] [INFO]   Found 101 events
[2025-11-30 20:01:23] [INFO] Scraping Center Stage...
[2025-11-30 20:01:33] [INFO]   Found 68 events
[2025-11-30 20:01:33] [INFO] 
Enriching events with Ticketmaster artist data...
[2025-11-30 20:01:33] [INFO] 
Processing events...
[2025-11-30 20:01:33] [WARNING]   Filtered out 1 invalid events
[2025-11-30 20:01:33] [INFO] 
Archiving past events...
[2025-11-30 20:01:33] [INFO]   Archive total: 0 events
[2025-11-30 20:01:33] [INFO] 
Total valid events: 496
[2025-11-30 20:01:33] [INFO] Events saved to /home/runner/work/atl-gigs/atl-gigs/atl-gigs/public/events/events.json
[2025-11-30 20:01:33] [INFO] Archive saved to /home/runner/work/atl-gigs/atl-gigs/atl-gigs/public/events/archive.json
[2025-11-30 20:01:33] [INFO] Status saved to /home/runner/work/atl-gigs/atl-gigs/atl-gigs/public/events/scrape-status.json

--- New Run ---
[2025-11-30 20:04:26] [INFO] Starting scrape run at 2025-11-30T20:04:26.636368Z
[2025-11-30 20:04:26] [INFO] Scraping The Earl...
[2025-11-30 20:04:33] [INFO]   Found 40 events
[2025-11-30 20:04:33] [INFO] Scraping Tabernacle...
[2025-11-30 20:04:35] [INFO]   Found 35 events
[2025-11-30 20:04:35] [INFO] Scraping Terminal West...
[2025-11-30 20:04:35] [INFO]   Found 50 events
[2025-11-30 20:04:35] [INFO] Scraping The Eastern...
[2025-11-30 20:04:36] [INFO]   Found 40 events
[2025-11-30 20:04:36] [INFO] Scraping Variety Playhouse...
[2025-11-30 20:04:37] [INFO]   Found 47 events
[2025-11-30 20:04:37] [INFO] Scraping Coca-Cola Roxy...
[2025-11-30 20:04:39] [INFO]   Found 23 events
[2025-11-30 20:04:39] [INFO] Scraping Fox Theatre...
[2025-11-30 20:04:40] [INFO]   Found 13 events
[2025-11-30 20:04:40] [INFO] Scraping Mercedes-Benz Stadium...
[2025-11-30 20:04:40] [INFO]   Found 9 events
[2025-11-30 20:04:40] [INFO] Scraping State Farm Arena...
[2025-11-30 20:04:41] [INFO]   Found 77 events
[2025-11-30 20:04:41] [INFO] Scraping The Masquerade...
[2025-11-30 20:04:48] [INFO]   Found 101 events
[2025-11-30 20:04:48] [INFO] Scraping Center Stage...
[2025-11-30 20:04:50] [INFO]   Found 68 events
[2025-11-30 20:04:50] [INFO] 
Enriching events with Ticketmaster artist data...
[2025-11-30 20:04:50] [INFO] 
Processing events...
[2025-11-30 20:04:50] [WARNING]   Filtered out 1 invalid events
[2025-11-30 20:04:50] [INFO] 
Archiving past events...
[2025-11-30 20:04:50] [INFO]   Archive total: 0 events
[2025-11-30 20:04:50] [INFO] 
Total valid events: 502
[2025-11-30 20:04:50] [INFO] Events saved to /home/runner/work/atl-gigs/atl-gigs/atl-gigs/public/events/events.json
[2025-11-30 20:04:50] [INFO] Archive saved to /home/runner/work/atl-gigs/atl-gigs/atl-gigs/public/events/archive.json
[2025-11-30 20:04:50] [INFO] Status saved to /home/runner/work/atl-gigs/atl-gigs/atl-gigs/public/events/scrape-status.json

--- New Run ---
[2025-11-30 20:08:00] [INFO] Starting scrape run at 2025-11-30T20:08:00.739566Z
[2025-11-30 20:08:00] [INFO] Scraping The Earl...
[2025-11-30 20:08:05] [INFO]   Found 40 events
[2025-11-30 20:08:05] [INFO] Scraping Tabernacle...
[2025-11-30 20:08:07] [INFO]   Found 35 events
[2025-11-30 20:08:07] [INFO] Scraping Terminal West...
[2025-11-30 20:08:07] [INFO]   Found 50 events
[2025-11-30 20:08:07] [INFO] Scraping The Eastern...
[2025-11-30 20:08:08] [INFO]   Found 40 events
[2025-11-30 20:08:08] [INFO] Scraping Variety Playhouse...
[2025-11-30 20:08:08] [INFO]   Found 47 events
[2025-11-30 20:08:08] [INFO] Scraping Coca-Cola Roxy...
[2025-11-30 20:08:09] [INFO]   Found 23 events
[2025-11-30 20:08:09] [INFO] Scraping Fox Theatre...
[2025-11-30 20:08:11] [INFO]   Found 13 events
[2025-11-30 20:08:11] [INFO] Scraping Mercedes-Benz Stadium...
[2025-11-30 20:08:11] [INFO]   Found 9 events
[2025-11-30 20:08:11] [INFO] Scraping State Farm Arena...
[2025-11-30 20:08:12] [INFO]   Found 77 events
[2025-11-30 20:08:12] [INFO] Scraping The Masquerade...
[2025-11-30 20:08:13] [INFO]   Found 101 events
[2025-11-30 20:08:13] [INFO] Scraping Center Stage...
[2025-11-30 20:08:14] [INFO]   Found 68 events
[2025-11-30 20:08:14] [INFO] 
Enriching events with Ticketmaster artist data...
[2025-11-30 20:08:14] [INFO] 
Processing events...
[2025-11-30 20:08:14] [WARNING]   Filtered out 1 invalid events
[2025-11-30 20:08:14] [INFO] 
Archiving past events...
[2025-11-30 20:08:14] [INFO]   Archive total: 0 events
[2025-11-30 20:08:14] [INFO] 
Total valid events: 502
[2025-11-30 20:08:14] [INFO] Events saved to /home/runner/work/atl-gigs/atl-gigs/atl-gigs/public/events/events.json
[2025-11-30 20:08:14] [INFO] Archive saved to /home/runner/work/atl-gigs/atl-gigs/atl-gigs/public/events/archive.json
[2025-11-30 20:08:14] [INFO] Status saved to /home/runner/work/atl-gigs/atl-gigs/atl-gigs/public/events/scrape-status.json

--- New Run ---
[2025-11-30 20:12:57] [INFO] Starting scrape run at 2025-11-30T20:12:57.667784Z
[2025-11-30 20:12:57] [INFO] Scraping The Earl...
[2025-11-30 20:13:02] [INFO]   Found 40 events
[2025-11-30 20:13:02] [INFO] Scraping Tabernacle...
[2025-11-30 20:13:03] [INFO]   Found 35 events
[2025-11-30 20:13:03] [INFO] Scraping Terminal West...
[2025-11-30 20:13:04] [INFO]   Found 50 events
[2025-11-30 20:13:04] [INFO] Scraping The Eastern...
[2025-11-30 20:13:04] [INFO]   Found 40 events
[2025-11-30 20:13:04] [INFO] Scraping Variety Playhouse...
[2025-11-30 20:13:05] [INFO]   Found 47 events
[2025-11-30 20:13:05] [INFO] Scraping Coca-Cola Roxy...
[2025-11-30 20:13:06] [INFO]   Found 23 events
[2025-11-30 20:13:06] [INFO] Scraping Fox Theatre...
[2025-11-30 20:13:07] [INFO]   Found 7 events
[2025-11-30 20:13:07] [INFO] Scraping Mercedes-Benz Stadium...
[2025-11-30 20:13:07] [INFO]   Found 9 events
[2025-11-30 20:13:07] [INFO] Scraping State Farm Arena...
[2025-11-30 20:13:08] [INFO]   Found 77 events
[2025-11-30 20:13:08] [INFO] Scraping The Masquerade...
[2025-11-30 20:13:26] [INFO]   Found 101 events
[2025-11-30 20:13:26] [INFO] Scraping Center Stage...
[2025-11-30 20:13:27] [INFO]   Found 68 events
[2025-11-30 20:13:27] [INFO] 
Enriching events with Ticketmaster artist data...
[2025-11-30 20:13:27] [INFO] 
Processing events...
[2025-11-30 20:13:27] [WARNING]   Filtered out 1 invalid events
[2025-11-30 20:13:27] [INFO] 
Archiving past events...
[2025-11-30 20:13:27] [INFO]   Archive total: 0 events
[2025-11-30 20:13:27] [INFO] 
Total valid events: 496
[2025-11-30 20:13:27] [INFO] Events saved to /home/runner/work/atl-gigs/atl-gigs/atl-gigs/public/events/events.json
[2025-11-30 20:13:27] [INFO] Archive saved to /home/runner/work/atl-gigs/atl-gigs/atl-gigs/public/events/archive.json
[2025-11-30 20:13:27] [INFO] Status saved to /home/runner/work/atl-gigs/atl-gigs/atl-gigs/public/events/scrape-status.json

--- New Run ---
[2025-11-30 20:15:34] [INFO] Starting scrape run at 2025-11-30T20:15:34.532087Z
[2025-11-30 20:15:34] [INFO] Scraping The Earl...
[2025-11-30 20:15:38] [INFO]   Found 40 events
[2025-11-30 20:15:38] [INFO] Scraping Tabernacle...
[2025-11-30 20:15:40] [INFO]   Found 35 events
[2025-11-30 20:15:40] [INFO] Scraping Terminal West...
[2025-11-30 20:15:41] [INFO]   Found 50 events
[2025-11-30 20:15:41] [INFO] Scraping The Eastern...
[2025-11-30 20:15:42] [INFO]   Found 40 events
[2025-11-30 20:15:42] [INFO] Scraping Variety Playhouse...
[2025-11-30 20:15:43] [INFO]   Found 47 events
[2025-11-30 20:15:43] [INFO] Scraping Coca-Cola Roxy...
[2025-11-30 20:15:48] [INFO]   Found 23 events
[2025-11-30 20:15:48] [INFO] Scraping Fox Theatre...
[2025-11-30 20:15:49] [INFO]   Found 13 events
[2025-11-30 20:15:49] [INFO] Scraping Mercedes-Benz Stadium...
[2025-11-30 20:15:50] [INFO]   Found 9 events
[2025-11-30 20:15:50] [INFO] Scraping State Farm Arena...
[2025-11-30 20:15:53] [INFO]   Found 77 events
[2025-11-30 20:15:53] [INFO] Scraping The Masquerade...
[2025-11-30 20:15:59] [INFO]   Found 101 events
[2025-11-30 20:15:59] [INFO] Scraping Center Stage...
[2025-11-30 20:16:01] [INFO]   Found 68 events
[2025-11-30 20:16:01] [INFO] 
Enriching events with Ticketmaster artist data...
[2025-11-30 20:16:01] [INFO] 
Processing events...
[2025-11-30 20:16:01] [WARNING]   Filtered out 1 invalid events
[2025-11-30 20:16:01] [INFO] 
Archiving past events...
[2025-11-30 20:16:01] [INFO]   Archive total: 0 events
[2025-11-30 20:16:01] [INFO] 
Total valid events: 502
[2025-11-30 20:16:01] [INFO] Events saved to /home/runner/work/atl-gigs/atl-gigs/atl-gigs/public/events/events.json
[2025-11-30 20:16:01] [INFO] Archive saved to /home/runner/work/atl-gigs/atl-gigs/atl-gigs/public/events/archive.json
[2025-11-30 20:16:01] [INFO] Status saved to /home/runner/work/atl-gigs/atl-gigs/atl-gigs/public/events/scrape-status.json

--- New Run ---
[2025-11-30 20:18:40] [INFO] Starting scrape run at 2025-11-30T20:18:40.740295Z
[2025-11-30 20:18:40] [INFO] Scraping The Earl...
[2025-11-30 20:18:46] [INFO]   Found 40 events
[2025-11-30 20:18:46] [INFO] Scraping Tabernacle...
[2025-11-30 20:18:47] [INFO]   Found 35 events
[2025-11-30 20:18:47] [INFO] Scraping Terminal West...
[2025-11-30 20:18:48] [INFO]   Found 50 events
[2025-11-30 20:18:48] [INFO] Scraping The Eastern...
[2025-11-30 20:18:48] [INFO]   Found 40 events
[2025-11-30 20:18:48] [INFO] Scraping Variety Playhouse...
[2025-11-30 20:18:49] [INFO]   Found 47 events
[2025-11-30 20:18:49] [INFO] Scraping Coca-Cola Roxy...
[2025-11-30 20:18:50] [INFO]   Found 23 events
[2025-11-30 20:18:50] [INFO] Scraping Fox Theatre...
[2025-11-30 20:18:51] [INFO]   Found 7 events
[2025-11-30 20:18:51] [INFO] Scraping Mercedes-Benz Stadium...
[2025-11-30 20:18:52] [INFO]   Found 9 events
[2025-11-30 20:18:52] [INFO] Scraping State Farm Arena...
[2025-11-30 20:18:52] [INFO]   Found 77 events
[2025-11-30 20:18:52] [INFO] Scraping The Masquerade...
[2025-11-30 20:18:53] [INFO]   Found 101 events
[2025-11-30 20:18:53] [INFO] Scraping Center Stage...
[2025-11-30 20:18:54] [INFO]   Found 68 events
[2025-11-30 20:18:54] [INFO] 
Enriching events with Ticketmaster artist data...
[2025-11-30 20:18:54] [INFO] 
Processing events...
[2025-11-30 20:18:54] [WARNING]   Filtered out 1 invalid events
[2025-11-30 20:18:54] [INFO] 
Archiving past events...
[2025-11-30 20:18:54] [INFO]   Archive total: 0 events
[2025-11-30 20:18:54] [INFO] 
Total valid events: 496
[2025-11-30 20:18:54] [INFO] Events saved to /home/runner/work/atl-gigs/atl-gigs/atl-gigs/public/events/events.json
[2025-11-30 20:18:54] [INFO] Archive saved to /home/runner/work/atl-gigs/atl-gigs/atl-gigs/public/events/archive.json
[2025-11-30 20:18:54] [INFO] Status saved to /home/runner/work/atl-gigs/atl-gigs/atl-gigs/public/events/scrape-status.json

--- New Run ---
[2025-11-30 20:22:09] [INFO] Starting scrape run at 2025-11-30T20:22:09.754068Z
[2025-11-30 20:22:09] [INFO] Scraping The Earl...
[2025-11-30 20:22:14] [INFO]   Found 40 events
[2025-11-30 20:22:14] [INFO] Scraping Tabernacle...
[2025-11-30 20:22:15] [INFO]   Found 35 events
[2025-11-30 20:22:15] [INFO] Scraping Terminal West...
[2025-11-30 20:22:15] [INFO]   Found 50 events
[2025-11-30 20:22:15] [INFO] Scraping The Eastern...
[2025-11-30 20:22:16] [INFO]   Found 40 events
[2025-11-30 20:22:16] [INFO] Scraping Variety Playhouse...
[2025-11-30 20:22:16] [INFO]   Found 47 events
[2025-11-30 20:22:16] [INFO] Scraping Coca-Cola Roxy...
[2025-11-30 20:22:17] [INFO]   Found 23 events
[2025-11-30 20:22:17] [INFO] Scraping Fox Theatre...
[2025-11-30 20:22:19] [INFO]   Found 13 events
[2025-11-30 20:22:19] [INFO] Scraping Mercedes-Benz Stadium...
[2025-11-30 20:22:19] [INFO]   Found 9 events
[2025-11-30 20:22:19] [INFO] Scraping State Farm Arena...
[2025-11-30 20:22:20] [INFO]   Found 77 events
[2025-11-30 20:22:20] [INFO] Scraping The Masquerade...
[2025-11-30 20:22:21] [INFO]   Found 101 events
[2025-11-30 20:22:21] [INFO] Scraping Center Stage...
[2025-11-30 20:22:22] [INFO]   Found 68 events
[2025-11-30 20:22:22] [INFO] 
Enriching events with Ticketmaster artist data...
[2025-11-30 20:22:22] [INFO] 
Processing events...
[2025-11-30 20:22:22] [WARNING]   Filtered out 1 invalid events
[2025-11-30 20:22:22] [INFO] 
Archiving past events...
[2025-11-30 20:22:22] [INFO]   Archive total: 0 events
[2025-11-30 20:22:22] [INFO] 
Total valid events: 502
[2025-11-30 20:22:22] [INFO] Events saved to /home/runner/work/atl-gigs/atl-gigs/atl-gigs/public/events/events.json
[2025-11-30 20:22:22] [INFO] Archive saved to /home/runner/work/atl-gigs/atl-gigs/atl-gigs/public/events/archive.json
[2025-11-30 20:22:22] [INFO] Status saved to /home/runner/work/atl-gigs/atl-gigs/atl-gigs/public/events/scrape-status.json

--- New Run ---
[2025-11-30 21:30:27] [INFO] Starting scrape run at 2025-11-30T21:30:27.483510Z
[2025-11-30 21:30:27] [INFO] Scraping The Earl...
[2025-11-30 21:30:32] [INFO]   Found 40 events
[2025-11-30 21:30:32] [INFO] Scraping Tabernacle...
[2025-11-30 21:30:34] [INFO]   Found 35 events
[2025-11-30 21:30:34] [INFO] Scraping Terminal West...
[2025-11-30 21:30:34] [INFO]   Found 50 events
[2025-11-30 21:30:34] [INFO] Scraping The Eastern...
[2025-11-30 21:30:34] [INFO]   Found 40 events
[2025-11-30 21:30:34] [INFO] Scraping Variety Playhouse...
[2025-11-30 21:30:34] [INFO]   Found 47 events
[2025-11-30 21:30:34] [INFO] Scraping Coca-Cola Roxy...
[2025-11-30 21:30:37] [INFO]   Found 23 events
[2025-11-30 21:30:37] [INFO] Scraping Fox Theatre...
[2025-11-30 21:30:38] [INFO]   Found 7 events
[2025-11-30 21:30:38] [INFO] Scraping Mercedes-Benz Stadium...
[2025-11-30 21:30:38] [INFO]   Found 9 events
[2025-11-30 21:30:38] [INFO] Scraping State Farm Arena...
[2025-11-30 21:30:39] [INFO]   Found 77 events
[2025-11-30 21:30:39] [INFO] Scraping The Masquerade...
[2025-11-30 21:30:40] [INFO]   Found 101 events
[2025-11-30 21:30:40] [INFO] Scraping Center Stage...
[2025-11-30 21:30:41] [INFO]   Found 68 events
[2025-11-30 21:30:41] [INFO] 
Enriching events with Ticketmaster artist data...
[2025-11-30 21:30:41] [INFO] 
Processing events...
[2025-11-30 21:30:41] [WARNING]   Filtered out 1 invalid events
[2025-11-30 21:30:41] [INFO] 
Archiving past events...
[2025-11-30 21:30:41] [INFO]   Archive total: 0 events
[2025-11-30 21:30:41] [INFO] 
Total valid events: 496
[2025-11-30 21:30:41] [INFO] Events saved to /home/runner/work/atl-gigs/atl-gigs/atl-gigs/public/events/events.json
[2025-11-30 21:30:41] [INFO] Archive saved to /home/runner/work/atl-gigs/atl-gigs/atl-gigs/public/events/archive.json
[2025-11-30 21:30:41] [INFO] Status saved to /home/runner/work/atl-gigs/atl-gigs/atl-gigs/public/events/scrape-status.json

--- New Run ---
[2025-12-01 06:14:30] [INFO] Starting scrape run at 2025-12-01T06:14:30.728898Z
[2025-12-01 06:14:30] [INFO] Scraping The Earl...
[2025-12-01 06:14:35] [INFO]   Found 40 events
[2025-12-01 06:14:35] [INFO] Scraping Tabernacle...
[2025-12-01 06:14:36] [INFO]   Found 35 events
[2025-12-01 06:14:36] [INFO] Scraping Terminal West...
[2025-12-01 06:14:37] [INFO]   Found 50 events
[2025-12-01 06:14:37] [INFO] Scraping The Eastern...
[2025-12-01 06:14:38] [INFO]   Found 40 events
[2025-12-01 06:14:38] [INFO] Scraping Variety Playhouse...
[2025-12-01 06:14:39] [INFO]   Found 47 events
[2025-12-01 06:14:39] [INFO] Scraping Coca-Cola Roxy...
[2025-12-01 06:14:41] [INFO]   Found 23 events
[2025-12-01 06:14:41] [INFO] Scraping Fox Theatre...
[2025-12-01 06:14:41] [INFO]   Found 7 events
[2025-12-01 06:14:41] [INFO] Scraping Mercedes-Benz Stadium...
[2025-12-01 06:14:42] [INFO]   Found 9 events
[2025-12-01 06:14:42] [INFO] Scraping State Farm Arena...
[2025-12-01 06:14:42] [INFO]   Found 76 events
[2025-12-01 06:14:42] [INFO] Scraping The Masquerade...
[2025-12-01 06:14:43] [INFO]   Found 100 events
[2025-12-01 06:14:43] [INFO] Scraping Center Stage...
[2025-12-01 06:14:44] [INFO]   Found 68 events
[2025-12-01 06:14:44] [INFO] 
Enriching events with Ticketmaster artist data...
[2025-12-01 06:14:44] [INFO] 
Processing events...
[2025-12-01 06:14:44] [WARNING]   Filtered out 1 invalid events
[2025-12-01 06:14:44] [INFO] 
Archiving past events...
[2025-12-01 06:14:44] [INFO]   Archived 1 past events
[2025-12-01 06:14:44] [INFO]   Archive total: 1 events
[2025-12-01 06:14:44] [INFO] 
Total valid events: 493
[2025-12-01 06:14:44] [INFO] Events saved to /home/runner/work/atl-gigs/atl-gigs/atl-gigs/public/events/events.json
[2025-12-01 06:14:44] [INFO] Archive saved to /home/runner/work/atl-gigs/atl-gigs/atl-gigs/public/events/archive.json
[2025-12-01 06:14:44] [INFO] Status saved to /home/runner/work/atl-gigs/atl-gigs/atl-gigs/public/events/scrape-status.json

--- New Run ---
[2025-12-01 06:20:54] [INFO] Starting scrape run at 2025-12-01T06:20:54.484628Z
[2025-12-01 06:20:54] [INFO] Scraping The Earl...
[2025-12-01 06:20:59] [INFO]   Found 40 events
[2025-12-01 06:20:59] [INFO] Scraping Tabernacle...
[2025-12-01 06:21:00] [INFO]   Found 35 events
[2025-12-01 06:21:00] [INFO] Scraping Terminal West...
[2025-12-01 06:21:01] [INFO]   Found 50 events
[2025-12-01 06:21:01] [INFO] Scraping The Eastern...
[2025-12-01 06:21:01] [INFO]   Found 40 events
[2025-12-01 06:21:01] [INFO] Scraping Variety Playhouse...
[2025-12-01 06:21:02] [INFO]   Found 47 events
[2025-12-01 06:21:02] [INFO] Scraping Coca-Cola Roxy...
[2025-12-01 06:21:03] [INFO]   Found 23 events
[2025-12-01 06:21:03] [INFO] Scraping Fox Theatre...
[2025-12-01 06:21:04] [INFO]   Found 7 events
[2025-12-01 06:21:04] [INFO] Scraping Mercedes-Benz Stadium...
[2025-12-01 06:21:05] [INFO]   Found 9 events
[2025-12-01 06:21:05] [INFO] Scraping State Farm Arena...
[2025-12-01 06:21:06] [INFO]   Found 76 events
[2025-12-01 06:21:06] [INFO] Scraping The Masquerade...
[2025-12-01 06:21:07] [INFO]   Found 100 events
[2025-12-01 06:21:07] [INFO] Scraping Center Stage...
[2025-12-01 06:21:08] [INFO]   Found 68 events
[2025-12-01 06:21:08] [INFO] 
Enriching events with Ticketmaster artist data...
[2025-12-01 06:21:08] [INFO] 
Processing events...
[2025-12-01 06:21:08] [WARNING]   Filtered out 1 invalid events
[2025-12-01 06:21:08] [INFO] 
Archiving past events...
[2025-12-01 06:21:08] [INFO]   Archived 1 past events
[2025-12-01 06:21:08] [INFO]   Archive total: 1 events
[2025-12-01 06:21:08] [INFO] 
Total valid events: 493
[2025-12-01 06:21:08] [INFO] Events saved to /home/runner/work/atl-gigs/atl-gigs/atl-gigs/public/events/events.json
[2025-12-01 06:21:08] [INFO] Archive saved to /home/runner/work/atl-gigs/atl-gigs/atl-gigs/public/events/archive.json
[2025-12-01 06:21:08] [INFO] Status saved to /home/runner/work/atl-gigs/atl-gigs/atl-gigs/public/events/scrape-status.json

--- New Run ---
[2025-12-03 13:21:36] [INFO] Starting scrape run at 2025-12-03T13:21:36.545322Z
[2025-12-03 13:21:36] [INFO] Scraping The Earl...
[2025-12-03 13:21:42] [INFO]   Found 47 events
[2025-12-03 13:21:42] [INFO] Scraping Tabernacle...
[2025-12-03 13:21:44] [INFO]   Found 36 events
[2025-12-03 13:21:44] [INFO] Scraping Terminal West...
[2025-12-03 13:21:45] [INFO]   Found 53 events
[2025-12-03 13:21:45] [INFO] Scraping The Eastern...
[2025-12-03 13:21:46] [INFO]   Found 40 events
[2025-12-03 13:21:46] [INFO] Scraping Variety Playhouse...
[2025-12-03 13:21:46] [INFO]   Found 48 events
[2025-12-03 13:21:46] [INFO] Scraping Coca-Cola Roxy...
[2025-12-03 13:21:48] [INFO]   Found 24 events
[2025-12-03 13:21:48] [INFO] Scraping Fox Theatre...
[2025-12-03 13:21:49] [INFO]   Found 30 events
[2025-12-03 13:21:49] [INFO] Scraping Mercedes-Benz Stadium...
[2025-12-03 13:21:49] [INFO]   Found 11 events
[2025-12-03 13:21:49] [INFO] Scraping State Farm Arena...
[2025-12-03 13:21:49] [INFO]   Found 75 events
[2025-12-03 13:21:49] [INFO] Scraping The Masquerade...
[2025-12-03 13:21:51] [INFO]   Found 104 events
[2025-12-03 13:21:51] [INFO] Scraping Center Stage...
[2025-12-03 13:21:51] [INFO]   Found 69 events
[2025-12-03 13:21:51] [INFO] 
Enriching events with Ticketmaster artist data...
[2025-12-03 13:21:57] [INFO] 
Processing events...
[2025-12-03 13:21:57] [WARNING]   Filtered out 1 invalid events
[2025-12-03 13:21:57] [INFO] 
Archiving past events...
[2025-12-03 13:21:57] [INFO]   Archive total: 1 events
[2025-12-03 13:21:57] [INFO] 
Total valid events: 536
[2025-12-03 13:21:57] [INFO] Events saved to /Users/wavey/code/atl-music/atl-gigs/public/events/events.json
[2025-12-03 13:21:57] [INFO] Archive saved to /Users/wavey/code/atl-music/atl-gigs/public/events/archive.json
[2025-12-03 13:21:57] [INFO] Status saved to /Users/wavey/code/atl-music/atl-gigs/public/events/scrape-status.json

--- New Run ---
[2025-12-03 14:37:36] [INFO] Starting scrape run at 2025-12-03T14:37:36.524832Z
[2025-12-03 14:37:36] [INFO] Scraping The Earl...
[2025-12-03 14:37:43] [INFO]   Found 47 events
[2025-12-03 14:37:43] [INFO] Scraping Tabernacle...
[2025-12-03 14:37:46] [INFO]   Found 37 events
[2025-12-03 14:37:46] [INFO] Scraping Terminal West...
[2025-12-03 14:37:47] [INFO]   Found 53 events
[2025-12-03 14:37:47] [INFO] Scraping The Eastern...
[2025-12-03 14:37:48] [INFO]   Found 40 events
[2025-12-03 14:37:48] [INFO] Scraping Variety Playhouse...
[2025-12-03 14:37:48] [INFO]   Found 48 events
[2025-12-03 14:37:48] [INFO] Scraping Coca-Cola Roxy...
[2025-12-03 14:37:50] [INFO]   Found 24 events
[2025-12-03 14:37:50] [INFO] Scraping Fox Theatre...
[2025-12-03 14:37:51] [INFO]   Found 30 events
[2025-12-03 14:37:51] [INFO] Scraping Mercedes-Benz Stadium...
[2025-12-03 14:37:51] [INFO]   Found 11 events
[2025-12-03 14:37:51] [INFO] Scraping State Farm Arena...
[2025-12-03 14:37:52] [INFO]   Found 75 events
[2025-12-03 14:37:52] [INFO] Scraping The Masquerade...
[2025-12-03 14:37:53] [INFO]   Found 105 events
[2025-12-03 14:37:53] [INFO] Scraping Center Stage...
[2025-12-03 14:37:54] [INFO]   Found 69 events
[2025-12-03 14:37:54] [INFO] 
Enriching events with Ticketmaster artist data...
[2025-12-03 14:37:54] [INFO] 
Processing events...
[2025-12-03 14:37:54] [WARNING]   Filtered out 1 invalid events
[2025-12-03 14:37:54] [INFO] 
Archiving past events...
[2025-12-03 14:37:54] [INFO]   Archive total: 1 events
[2025-12-03 14:37:54] [INFO] 
Total valid events: 538
[2025-12-03 14:37:54] [INFO] Events saved to /Users/wavey/code/atl-music/atl-gigs/public/events/events.json
[2025-12-03 14:37:54] [INFO] Archive saved to /Users/wavey/code/atl-music/atl-gigs/public/events/archive.json
[2025-12-03 14:37:54] [INFO] Status saved to /Users/wavey/code/atl-music/atl-gigs/public/events/scrape-status.json

--- New Run ---
[2025-12-03 15:11:07] [INFO] Starting scrape run at 2025-12-03T15:11:07.134568Z
[2025-12-03 15:11:07] [INFO] Scraping The Earl...
[2025-12-03 15:11:13] [INFO]   Found 48 events
[2025-12-03 15:11:13] [INFO] Scraping Tabernacle...
[2025-12-03 15:11:14] [INFO]   Found 38 events
[2025-12-03 15:11:14] [INFO] Scraping Terminal West...
[2025-12-03 15:11:15] [INFO]   Found 54 events
[2025-12-03 15:11:15] [INFO] Scraping The Eastern...
[2025-12-03 15:11:16] [INFO]   Found 40 events
[2025-12-03 15:11:16] [INFO] Scraping Variety Playhouse...
[2025-12-03 15:11:16] [INFO]   Found 48 events
[2025-12-03 15:11:16] [INFO] Scraping Coca-Cola Roxy...
[2025-12-03 15:11:17] [INFO]   Found 24 events
[2025-12-03 15:11:17] [INFO] Scraping Fox Theatre...
[2025-12-03 15:11:17] [INFO]   Found 30 events
[2025-12-03 15:11:17] [INFO] Scraping Mercedes-Benz Stadium...
[2025-12-03 15:11:17] [INFO]   Found 11 events
[2025-12-03 15:11:17] [INFO] Scraping State Farm Arena...
[2025-12-03 15:11:18] [INFO]   Found 75 events
[2025-12-03 15:11:18] [INFO] Scraping The Masquerade...
[2025-12-03 15:11:19] [INFO]   Found 105 events
[2025-12-03 15:11:19] [INFO] Scraping Center Stage...
[2025-12-03 15:11:19] [INFO]   Found 69 events
[2025-12-03 15:11:19] [INFO] 
Enriching events with Ticketmaster artist data...
[2025-12-03 15:11:19] [INFO] 
Processing events...
[2025-12-03 15:11:19] [WARNING]   Filtered out 1 invalid events
[2025-12-03 15:11:19] [INFO]   541 newly discovered events
[2025-12-03 15:11:19] [INFO] 
Archiving past events...
[2025-12-03 15:11:19] [INFO]   Archive total: 1 events across 1 months
[2025-12-03 15:11:19] [INFO] 
[2025-12-03 15:11:19] [INFO] ============================================================
[2025-12-03 15:11:19] [INFO] VENUE SUMMARY
[2025-12-03 15:11:19] [INFO] ============================================================
[2025-12-03 15:11:19] [INFO] Venue                     Events  Errors       Time
[2025-12-03 15:11:19] [INFO] ------------------------------------------------------------
[2025-12-03 15:11:19] [INFO] Center Stage                  69       0      374ms
[2025-12-03 15:11:19] [INFO] Coca-Cola Roxy                24       0      500ms
[2025-12-03 15:11:19] [INFO] Fox Theatre                   30       0      102ms
[2025-12-03 15:11:19] [INFO] Mercedes-Benz Stadium         11       0      255ms
[2025-12-03 15:11:19] [INFO] State Farm Arena              75       0      528ms
[2025-12-03 15:11:19] [INFO] Tabernacle                    38       0      960ms
[2025-12-03 15:11:19] [INFO] Terminal West                 54       0      662ms
[2025-12-03 15:11:19] [INFO] The Earl                      48       0     6779ms
[2025-12-03 15:11:19] [INFO] The Eastern                   40       0      671ms
[2025-12-03 15:11:19] [INFO] The Masquerade               105       0      717ms
[2025-12-03 15:11:19] [INFO] Variety Playhouse             48       0      761ms
[2025-12-03 15:11:19] [INFO] ------------------------------------------------------------
[2025-12-03 15:11:19] [INFO] TOTAL                        542       0 12310ms
[2025-12-03 15:11:19] [INFO] ============================================================
[2025-12-03 15:11:19] [INFO] 
Total valid events: 541
[2025-12-03 15:11:19] [INFO] Events saved to /Users/wavey/code/atl-music/atl-gigs/public/events/events.json
[2025-12-03 15:11:19] [INFO] Seen cache saved (541 events tracked)
[2025-12-03 15:11:19] [INFO] Status saved to /Users/wavey/code/atl-music/atl-gigs/public/events/scrape-status.json

--- New Run ---
[2025-12-03 15:28:03] [INFO] Starting scrape run at 2025-12-03T15:28:03.684121Z
[2025-12-03 15:28:03] [INFO] Scraping The Earl...
[2025-12-03 15:28:10] [INFO]   Found 48 events
[2025-12-03 15:28:10] [INFO] Scraping Tabernacle...
[2025-12-03 15:28:13] [INFO]   Found 38 events
[2025-12-03 15:28:13] [INFO] Scraping Terminal West...
[2025-12-03 15:28:14] [INFO]   Found 54 events
[2025-12-03 15:28:14] [INFO] Scraping The Eastern...
[2025-12-03 15:28:15] [INFO]   Found 40 events
[2025-12-03 15:28:15] [INFO] Scraping Variety Playhouse...
[2025-12-03 15:28:15] [INFO]   Found 48 events
[2025-12-03 15:28:15] [INFO] Scraping Coca-Cola Roxy...
[2025-12-03 15:28:17] [INFO]   Found 24 events
[2025-12-03 15:28:17] [INFO] Scraping Fox Theatre...
[2025-12-03 15:28:18] [INFO]   Found 30 events
[2025-12-03 15:28:18] [INFO] Scraping Mercedes-Benz Stadium...
[2025-12-03 15:28:18] [INFO]   Found 11 events
[2025-12-03 15:28:18] [INFO] Scraping State Farm Arena...
[2025-12-03 15:28:19] [INFO]   Found 75 events
[2025-12-03 15:28:19] [INFO] Scraping The Masquerade...
[2025-12-03 15:28:19] [INFO]   Found 105 events
[2025-12-03 15:28:19] [INFO] Scraping Center Stage...
[2025-12-03 15:28:20] [INFO]   Found 69 events
[2025-12-03 15:28:20] [INFO] 
Enriching events with Ticketmaster artist data...
[2025-12-03 15:28:20] [INFO] 
Processing events...
[2025-12-03 15:28:20] [WARNING]   Filtered out 1 invalid events
[2025-12-03 15:28:20] [INFO]   34 newly discovered events
[2025-12-03 15:28:20] [INFO] 
Archiving past events...
[2025-12-03 15:28:20] [INFO]   Archive total: 1 events across 1 months
[2025-12-03 15:28:20] [INFO] 
[2025-12-03 15:28:20] [INFO] ============================================================
[2025-12-03 15:28:20] [INFO] VENUE SUMMARY
[2025-12-03 15:28:20] [INFO] ============================================================
[2025-12-03 15:28:20] [INFO] Venue                     Events  Errors       Time
[2025-12-03 15:28:20] [INFO] ------------------------------------------------------------
[2025-12-03 15:28:20] [INFO] Center Stage                  69       0      488ms
[2025-12-03 15:28:20] [INFO] Coca-Cola Roxy                24       0     1911ms
[2025-12-03 15:28:20] [INFO] Fox Theatre                   30       0      752ms
[2025-12-03 15:28:20] [INFO] Mercedes-Benz Stadium         11       0      223ms
[2025-12-03 15:28:20] [INFO] State Farm Arena              75       0      491ms
[2025-12-03 15:28:20] [INFO] Tabernacle                    38       0     3383ms
[2025-12-03 15:28:20] [INFO] Terminal West                 54       0      693ms
[2025-12-03 15:28:20] [INFO] The Earl                      48       0     6609ms
[2025-12-03 15:28:20] [INFO] The Eastern                   40       0      724ms
[2025-12-03 15:28:20] [INFO] The Masquerade               105       0      703ms
[2025-12-03 15:28:20] [INFO] Variety Playhouse             48       0      760ms
[2025-12-03 15:28:20] [INFO] ------------------------------------------------------------
[2025-12-03 15:28:20] [INFO] TOTAL                        542       0 16738ms
[2025-12-03 15:28:20] [INFO] ============================================================
[2025-12-03 15:28:20] [INFO] 
Total valid events: 541
[2025-12-03 15:28:20] [INFO] Events saved to /Users/wavey/code/atl-music/atl-gigs/public/events/events.json
[2025-12-03 15:28:20] [INFO] Seen cache saved (541 events tracked)
[2025-12-03 15:28:20] [INFO] Status saved to /Users/wavey/code/atl-music/atl-gigs/public/events/scrape-status.json

--- New Run ---
[2025-12-03 22:34:08] [INFO] Starting scrape run at 2025-12-03T22:34:08.941989Z
[2025-12-03 22:34:08] [INFO] Scraping The Earl...
[2025-12-03 22:34:24] [ERROR]   ERROR: Failed to scrape The Earl: HTTPSConnectionPool(host='badearl.com', port=443): Max retries exceeded with url: /show-calendar/ (Caused by ConnectTimeoutError(<urllib3.connection.HTTPSConnection object at 0x7f729c90d110>, 'Connection to badearl.com timed out. (connect timeout=15)'))
[2025-12-03 22:34:24] [ERROR]   Traceback:
Traceback (most recent call last):
  File "/home/runner/work/atl-gigs/atl-gigs/venv/lib/python3.11/site-packages/urllib3/connection.py", line 198, in _new_conn
    sock = connection.create_connection(
           ^^^^^^^^^^^^^^^^^^^^^^^^^^^^^
  File "/home/runner/work/atl-gigs/atl-gigs/venv/lib/python3.11/site-packages/urllib3/util/connection.py", line 85, in create_connection
    raise err
  File "/home/runner/work/atl-gigs/atl-gigs/venv/lib/python3.11/site-packages/urllib3/util/connection.py", line 73, in create_connection
    sock.connect(sa)
TimeoutError: timed out

The above exception was the direct cause of the following exception:

Traceback (most recent call last):
  File "/home/runner/work/atl-gigs/atl-gigs/venv/lib/python3.11/site-packages/urllib3/connectionpool.py", line 787, in urlopen
    response = self._make_request(
               ^^^^^^^^^^^^^^^^^^^
  File "/home/runner/work/atl-gigs/atl-gigs/venv/lib/python3.11/site-packages/urllib3/connectionpool.py", line 488, in _make_request
    raise new_e
  File "/home/runner/work/atl-gigs/atl-gigs/venv/lib/python3.11/site-packages/urllib3/connectionpool.py", line 464, in _make_request
    self._validate_conn(conn)
  File "/home/runner/work/atl-gigs/atl-gigs/venv/lib/python3.11/site-packages/urllib3/connectionpool.py", line 1093, in _validate_conn
    conn.connect()
  File "/home/runner/work/atl-gigs/atl-gigs/venv/lib/python3.11/site-packages/urllib3/connection.py", line 753, in connect
    self.sock = sock = self._new_conn()
                       ^^^^^^^^^^^^^^^^
  File "/home/runner/work/atl-gigs/atl-gigs/venv/lib/python3.11/site-packages/urllib3/connection.py", line 207, in _new_conn
    raise ConnectTimeoutError(
urllib3.exceptions.ConnectTimeoutError: (<urllib3.connection.HTTPSConnection object at 0x7f729c90d110>, 'Connection to badearl.com timed out. (connect timeout=15)')

The above exception was the direct cause of the following exception:

Traceback (most recent call last):
  File "/home/runner/work/atl-gigs/atl-gigs/venv/lib/python3.11/site-packages/requests/adapters.py", line 644, in send
    resp = conn.urlopen(
           ^^^^^^^^^^^^^
  File "/home/runner/work/atl-gigs/atl-gigs/venv/lib/python3.11/site-packages/urllib3/connectionpool.py", line 841, in urlopen
    retries = retries.increment(
              ^^^^^^^^^^^^^^^^^^
  File "/home/runner/work/atl-gigs/atl-gigs/venv/lib/python3.11/site-packages/urllib3/util/retry.py", line 519, in increment
    raise MaxRetryError(_pool, url, reason) from reason  # type: ignore[arg-type]
    ^^^^^^^^^^^^^^^^^^^^^^^^^^^^^^^^^^^^^^^^^^^^^^^^^^^
urllib3.exceptions.MaxRetryError: HTTPSConnectionPool(host='badearl.com', port=443): Max retries exceeded with url: /show-calendar/ (Caused by ConnectTimeoutError(<urllib3.connection.HTTPSConnection object at 0x7f729c90d110>, 'Connection to badearl.com timed out. (connect timeout=15)'))

During handling of the above exception, another exception occurred:

Traceback (most recent call last):
  File "/home/runner/work/atl-gigs/atl-gigs/scrape.py", line 2264, in main
    events = scraper()
             ^^^^^^^^^
  File "/home/runner/work/atl-gigs/atl-gigs/scrape.py", line 983, in scrape_earl
    return list(itertools.chain.from_iterable(parse_page(p) for p in pages()))
           ^^^^^^^^^^^^^^^^^^^^^^^^^^^^^^^^^^^^^^^^^^^^^^^^^^^^^^^^^^^^^^^^^^^
  File "/home/runner/work/atl-gigs/atl-gigs/scrape.py", line 983, in <genexpr>
    return list(itertools.chain.from_iterable(parse_page(p) for p in pages()))
                                             ^^^^^^^^^^^^^^^^^^^^^^^^^^^^^^^^
  File "/home/runner/work/atl-gigs/atl-gigs/scrape.py", line 927, in pages
    r = requests.get(url, headers=EARL_HEADERS, timeout=15)
        ^^^^^^^^^^^^^^^^^^^^^^^^^^^^^^^^^^^^^^^^^^^^^^^^^^^
  File "/home/runner/work/atl-gigs/atl-gigs/venv/lib/python3.11/site-packages/requests/api.py", line 73, in get
    return request("get", url, params=params, **kwargs)
           ^^^^^^^^^^^^^^^^^^^^^^^^^^^^^^^^^^^^^^^^^^^^
  File "/home/runner/work/atl-gigs/atl-gigs/venv/lib/python3.11/site-packages/requests/api.py", line 59, in request
    return session.request(method=method, url=url, **kwargs)
           ^^^^^^^^^^^^^^^^^^^^^^^^^^^^^^^^^^^^^^^^^^^^^^^^^
  File "/home/runner/work/atl-gigs/atl-gigs/venv/lib/python3.11/site-packages/requests/sessions.py", line 589, in request
    resp = self.send(prep, **send_kwargs)
           ^^^^^^^^^^^^^^^^^^^^^^^^^^^^^^
  File "/home/runner/work/atl-gigs/atl-gigs/venv/lib/python3.11/site-packages/requests/sessions.py", line 703, in send
    r = adapter.send(request, **kwargs)
        ^^^^^^^^^^^^^^^^^^^^^^^^^^^^^^^
  File "/home/runner/work/atl-gigs/atl-gigs/venv/lib/python3.11/site-packages/requests/adapters.py", line 665, in send
    raise ConnectTimeout(e, request=request)
requests.exceptions.ConnectTimeout: HTTPSConnectionPool(host='badearl.com', port=443): Max retries exceeded with url: /show-calendar/ (Caused by ConnectTimeoutError(<urllib3.connection.HTTPSConnection object at 0x7f729c90d110>, 'Connection to badearl.com timed out. (connect timeout=15)'))

[2025-12-03 22:34:24] [INFO] Scraping Tabernacle...
[2025-12-03 22:34:27] [INFO]   Found 38 events
[2025-12-03 22:34:27] [INFO] Scraping Terminal West...
[2025-12-03 22:34:28] [INFO]   Found 56 events
[2025-12-03 22:34:28] [INFO] Scraping The Eastern...
[2025-12-03 22:34:28] [INFO]   Found 40 events
[2025-12-03 22:34:28] [INFO] Scraping Variety Playhouse...
[2025-12-03 22:34:28] [INFO]   Found 48 events
[2025-12-03 22:34:28] [INFO] Scraping Coca-Cola Roxy...
[2025-12-03 22:34:30] [INFO]   Found 24 events
[2025-12-03 22:34:30] [INFO] Scraping Fox Theatre...
[2025-12-03 22:34:49] [ERROR]   ERROR: Failed to scrape Fox Theatre: 406 Client Error after 3 retries
[2025-12-03 22:34:49] [ERROR]   Traceback:
Traceback (most recent call last):
  File "/home/runner/work/atl-gigs/atl-gigs/scrape.py", line 2264, in main
    events = scraper()
             ^^^^^^^^^
  File "/home/runner/work/atl-gigs/atl-gigs/scrape.py", line 1455, in scrape_fox_theatre
    ajax_events = scrape_fox_ajax_all_events()
                  ^^^^^^^^^^^^^^^^^^^^^^^^^^^^
  File "/home/runner/work/atl-gigs/atl-gigs/scrape.py", line 1321, in scrape_fox_ajax_all_events
    raise requests.exceptions.HTTPError(f"406 Client Error after {max_retries} retries")
requests.exceptions.HTTPError: 406 Client Error after 3 retries

[2025-12-03 22:34:49] [INFO] Scraping Mercedes-Benz Stadium...
[2025-12-03 22:34:50] [INFO]   Found 11 events
[2025-12-03 22:34:50] [INFO] Scraping State Farm Arena...
[2025-12-03 22:34:50] [INFO]   Found 75 events
[2025-12-03 22:34:50] [INFO] Scraping The Masquerade...
[2025-12-03 22:34:51] [INFO]   Found 106 events
[2025-12-03 22:34:51] [INFO] Scraping Center Stage...
[2025-12-03 22:34:52] [INFO]   Found 69 events
[2025-12-03 22:34:52] [INFO] 
Enriching events with Ticketmaster artist data...
[2025-12-03 22:34:52] [INFO] 
Processing events...
[2025-12-03 22:34:52] [WARNING]   Filtered out 1 invalid events
[2025-12-03 22:34:52] [INFO]   0 newly discovered events
[2025-12-03 22:34:52] [INFO] 
Archiving past events...
[2025-12-03 22:34:52] [INFO] 
[2025-12-03 22:34:52] [INFO] ============================================================
[2025-12-03 22:34:52] [INFO] VENUE SUMMARY
[2025-12-03 22:34:52] [INFO] ============================================================
[2025-12-03 22:34:52] [INFO] Venue                     Events  Errors       Time
[2025-12-03 22:34:52] [INFO] ------------------------------------------------------------
[2025-12-03 22:34:52] [INFO] Center Stage                  69       0      696ms
[2025-12-03 22:34:52] [INFO] Coca-Cola Roxy                24       0     1958ms
[2025-12-03 22:34:52] [INFO] Fox Theatre                    0       1    18613ms
[2025-12-03 22:34:52] [INFO] Mercedes-Benz Stadium         11       0      551ms
[2025-12-03 22:34:52] [INFO] State Farm Arena              75       0      633ms
[2025-12-03 22:34:52] [INFO] Tabernacle                    38       0     3438ms
[2025-12-03 22:34:52] [INFO] Terminal West                 56       0      504ms
[2025-12-03 22:34:52] [INFO] The Earl                       0       1    15165ms
[2025-12-03 22:34:52] [INFO] The Eastern                   40       0      482ms
[2025-12-03 22:34:52] [INFO] The Masquerade               106       0      867ms
[2025-12-03 22:34:52] [INFO] Variety Playhouse             48       0      464ms
[2025-12-03 22:34:52] [INFO] ------------------------------------------------------------
[2025-12-03 22:34:52] [INFO] TOTAL                        467       2 43371ms
[2025-12-03 22:34:52] [INFO] ============================================================
[2025-12-03 22:34:52] [INFO] 
Total valid events: 466
[2025-12-03 22:34:52] [ERROR] WARNING: Failed to scrape: The Earl, Fox Theatre
[2025-12-03 22:34:52] [INFO] Events saved to /home/runner/work/atl-gigs/atl-gigs/atl-gigs/public/events/events.json
[2025-12-03 22:34:52] [INFO] Seen cache saved (466 events tracked)
[2025-12-03 22:34:52] [INFO] Status saved to /home/runner/work/atl-gigs/atl-gigs/atl-gigs/public/events/scrape-status.json

--- New Run ---
[2025-12-03 22:45:56] [INFO] Starting scrape run at 2025-12-03T22:45:56.827940Z
[2025-12-03 22:45:56] [INFO] Scraping The Earl...
[2025-12-03 22:46:03] [INFO]   Found 48 events
[2025-12-03 22:46:03] [INFO] Scraping Tabernacle...
[2025-12-03 22:46:05] [INFO]   Found 38 events
[2025-12-03 22:46:05] [INFO] Scraping Terminal West...
[2025-12-03 22:46:06] [INFO]   Found 56 events
[2025-12-03 22:46:06] [INFO] Scraping The Eastern...
[2025-12-03 22:46:06] [INFO]   Found 40 events
[2025-12-03 22:46:06] [INFO] Scraping Variety Playhouse...
[2025-12-03 22:46:07] [INFO]   Found 48 events
[2025-12-03 22:46:07] [INFO] Scraping Coca-Cola Roxy...
[2025-12-03 22:46:08] [INFO]   Found 24 events
[2025-12-03 22:46:08] [INFO] Scraping Fox Theatre...
[2025-12-03 22:46:26] [ERROR]   ERROR: Failed to scrape Fox Theatre: 406 Client Error after 3 retries
[2025-12-03 22:46:26] [ERROR]   Traceback:
Traceback (most recent call last):
  File "/home/runner/work/atl-gigs/atl-gigs/scrape.py", line 2264, in main
    events = scraper()
             ^^^^^^^^^
  File "/home/runner/work/atl-gigs/atl-gigs/scrape.py", line 1455, in scrape_fox_theatre
    ajax_events = scrape_fox_ajax_all_events()
                  ^^^^^^^^^^^^^^^^^^^^^^^^^^^^
  File "/home/runner/work/atl-gigs/atl-gigs/scrape.py", line 1321, in scrape_fox_ajax_all_events
    raise requests.exceptions.HTTPError(f"406 Client Error after {max_retries} retries")
requests.exceptions.HTTPError: 406 Client Error after 3 retries

[2025-12-03 22:46:26] [INFO] Scraping Mercedes-Benz Stadium...
[2025-12-03 22:46:26] [INFO]   Found 11 events
[2025-12-03 22:46:26] [INFO] Scraping State Farm Arena...
[2025-12-03 22:46:27] [INFO]   Found 75 events
[2025-12-03 22:46:27] [INFO] Scraping The Masquerade...
[2025-12-03 22:46:28] [INFO]   Found 106 events
[2025-12-03 22:46:28] [INFO] Scraping Center Stage...
[2025-12-03 22:46:28] [INFO]   Found 69 events
[2025-12-03 22:46:28] [INFO] 
Enriching events with Ticketmaster artist data...
[2025-12-03 22:46:28] [INFO] 
Processing events...
[2025-12-03 22:46:28] [WARNING]   Filtered out 1 invalid events
[2025-12-03 22:46:28] [INFO]   48 newly discovered events
[2025-12-03 22:46:28] [INFO] 
Archiving past events...
[2025-12-03 22:46:28] [INFO] 
[2025-12-03 22:46:28] [INFO] ============================================================
[2025-12-03 22:46:28] [INFO] VENUE SUMMARY
[2025-12-03 22:46:28] [INFO] ============================================================
[2025-12-03 22:46:28] [INFO] Venue                     Events  Errors       Time
[2025-12-03 22:46:28] [INFO] ------------------------------------------------------------
[2025-12-03 22:46:28] [INFO] Center Stage                  69       0      534ms
[2025-12-03 22:46:28] [INFO] Coca-Cola Roxy                24       0     1158ms
[2025-12-03 22:46:28] [INFO] Fox Theatre                    0       1    17624ms
[2025-12-03 22:46:28] [INFO] Mercedes-Benz Stadium         11       0      361ms
[2025-12-03 22:46:28] [INFO] State Farm Arena              75       0      751ms
[2025-12-03 22:46:28] [INFO] Tabernacle                    38       0     1674ms
[2025-12-03 22:46:28] [INFO] Terminal West                 56       0      584ms
[2025-12-03 22:46:28] [INFO] The Earl                      48       0     7132ms
[2025-12-03 22:46:28] [INFO] The Eastern                   40       0      604ms
[2025-12-03 22:46:28] [INFO] The Masquerade               106       0      709ms
[2025-12-03 22:46:28] [INFO] Variety Playhouse             48       0      618ms
[2025-12-03 22:46:28] [INFO] ------------------------------------------------------------
[2025-12-03 22:46:28] [INFO] TOTAL                        515       1 31748ms
[2025-12-03 22:46:28] [INFO] ============================================================
[2025-12-03 22:46:28] [INFO] 
Total valid events: 514
[2025-12-03 22:46:28] [ERROR] WARNING: Failed to scrape: Fox Theatre
[2025-12-03 22:46:28] [INFO] Events saved to /home/runner/work/atl-gigs/atl-gigs/atl-gigs/public/events/events.json
[2025-12-03 22:46:28] [INFO] Seen cache saved (514 events tracked)
[2025-12-03 22:46:28] [INFO] Status saved to /home/runner/work/atl-gigs/atl-gigs/atl-gigs/public/events/scrape-status.json

--- New Run ---
[2025-12-03 22:49:23] [INFO] Starting scrape run at 2025-12-03T22:49:23.276562Z
[2025-12-03 22:49:23] [INFO] Scraping The Earl...
[2025-12-03 22:49:35] [INFO]   Found 48 events
[2025-12-03 22:49:35] [INFO] Scraping Tabernacle...
[2025-12-03 22:49:36] [INFO]   Found 38 events
[2025-12-03 22:49:36] [INFO] Scraping Terminal West...
[2025-12-03 22:49:36] [INFO]   Found 56 events
[2025-12-03 22:49:36] [INFO] Scraping The Eastern...
[2025-12-03 22:49:36] [INFO]   Found 40 events
[2025-12-03 22:49:36] [INFO] Scraping Variety Playhouse...
[2025-12-03 22:49:37] [INFO]   Found 48 events
[2025-12-03 22:49:37] [INFO] Scraping Coca-Cola Roxy...
[2025-12-03 22:49:37] [INFO]   Found 24 events
[2025-12-03 22:49:37] [INFO] Scraping Fox Theatre...
[2025-12-03 22:49:38] [INFO]   Found 30 events
[2025-12-03 22:49:38] [INFO] Scraping Mercedes-Benz Stadium...
[2025-12-03 22:49:39] [INFO]   Found 11 events
[2025-12-03 22:49:39] [INFO] Scraping State Farm Arena...
[2025-12-03 22:49:39] [INFO]   Found 75 events
[2025-12-03 22:49:39] [INFO] Scraping The Masquerade...
[2025-12-03 22:49:40] [INFO]   Found 106 events
[2025-12-03 22:49:40] [INFO] Scraping Center Stage...
[2025-12-03 22:49:41] [INFO]   Found 69 events
[2025-12-03 22:49:41] [INFO] 
Enriching events with Ticketmaster artist data...
[2025-12-03 22:49:41] [INFO] 
Processing events...
[2025-12-03 22:49:41] [WARNING]   Filtered out 1 invalid events
[2025-12-03 22:49:41] [INFO]   30 newly discovered events
[2025-12-03 22:49:41] [INFO] 
Archiving past events...
[2025-12-03 22:49:41] [INFO] 
[2025-12-03 22:49:41] [INFO] ============================================================
[2025-12-03 22:49:41] [INFO] VENUE SUMMARY
[2025-12-03 22:49:41] [INFO] ============================================================
[2025-12-03 22:49:41] [INFO] Venue                     Events  Errors       Time
[2025-12-03 22:49:41] [INFO] ------------------------------------------------------------
[2025-12-03 22:49:41] [INFO] Center Stage                  69       0      585ms
[2025-12-03 22:49:41] [INFO] Coca-Cola Roxy                24       0      670ms
[2025-12-03 22:49:41] [INFO] Fox Theatre                   30       0     1088ms
[2025-12-03 22:49:41] [INFO] Mercedes-Benz Stadium         11       0      451ms
[2025-12-03 22:49:41] [INFO] State Farm Arena              75       0      621ms
[2025-12-03 22:49:41] [INFO] Tabernacle                    38       0     1218ms
[2025-12-03 22:49:41] [INFO] Terminal West                 56       0      210ms
[2025-12-03 22:49:41] [INFO] The Earl                      48       0    11882ms
[2025-12-03 22:49:41] [INFO] The Eastern                   40       0      201ms
[2025-12-03 22:49:41] [INFO] The Masquerade               106       0      880ms
[2025-12-03 22:49:41] [INFO] Variety Playhouse             48       0      247ms
[2025-12-03 22:49:41] [INFO] ------------------------------------------------------------
[2025-12-03 22:49:41] [INFO] TOTAL                        545       0 18053ms
[2025-12-03 22:49:41] [INFO] ============================================================
[2025-12-03 22:49:41] [INFO] 
Total valid events: 544
[2025-12-03 22:49:41] [INFO] Events saved to /home/runner/work/atl-gigs/atl-gigs/atl-gigs/public/events/events.json
[2025-12-03 22:49:41] [INFO] Seen cache saved (544 events tracked)
[2025-12-03 22:49:41] [INFO] Status saved to /home/runner/work/atl-gigs/atl-gigs/atl-gigs/public/events/scrape-status.json

--- New Run ---
[2025-12-03 23:08:13] [INFO] Starting scrape run at 2025-12-03T23:08:13.280247Z
[2025-12-03 23:08:13] [INFO] Scraping The Earl...
[2025-12-03 23:08:25] [INFO]   Found 48 events
[2025-12-03 23:08:25] [INFO] Scraping Tabernacle...
[2025-12-03 23:08:29] [INFO]   Found 38 events
[2025-12-03 23:08:29] [INFO] Scraping Terminal West...
[2025-12-03 23:08:29] [INFO]   Found 56 events
[2025-12-03 23:08:29] [INFO] Scraping The Eastern...
[2025-12-03 23:08:30] [INFO]   Found 40 events
[2025-12-03 23:08:30] [INFO] Scraping Variety Playhouse...
[2025-12-03 23:08:31] [INFO]   Found 48 events
[2025-12-03 23:08:31] [INFO] Scraping Coca-Cola Roxy...
[2025-12-03 23:08:33] [INFO]   Found 24 events
[2025-12-03 23:08:33] [INFO] Scraping Fox Theatre...
[2025-12-03 23:08:50] [ERROR]   ERROR: Failed to scrape Fox Theatre: 406 Client Error after 3 retries
[2025-12-03 23:08:50] [ERROR]   Traceback:
Traceback (most recent call last):
  File "/home/runner/work/atl-gigs/atl-gigs/scrape.py", line 2301, in main
    events = scraper()
             ^^^^^^^^^
  File "/home/runner/work/atl-gigs/atl-gigs/scrape.py", line 1492, in scrape_fox_theatre
    ajax_events = scrape_fox_ajax_all_events()
                  ^^^^^^^^^^^^^^^^^^^^^^^^^^^^
  File "/home/runner/work/atl-gigs/atl-gigs/scrape.py", line 1358, in scrape_fox_ajax_all_events
    raise requests.exceptions.HTTPError(f"406 Client Error after {max_retries} retries")
requests.exceptions.HTTPError: 406 Client Error after 3 retries

[2025-12-03 23:08:50] [INFO] Scraping Mercedes-Benz Stadium...
[2025-12-03 23:08:50] [INFO]   Found 11 events
[2025-12-03 23:08:50] [INFO] Scraping State Farm Arena...
[2025-12-03 23:08:51] [INFO]   Found 75 events
[2025-12-03 23:08:51] [INFO] Scraping The Masquerade...
[2025-12-03 23:08:52] [INFO]   Found 106 events
[2025-12-03 23:08:52] [INFO] Scraping Center Stage...
[2025-12-03 23:08:52] [INFO]   Found 69 events
[2025-12-03 23:08:52] [INFO] 
Enriching events with Ticketmaster artist data...
[2025-12-03 23:08:52] [INFO] 
Processing events...
[2025-12-03 23:08:52] [WARNING]   Filtered out 1 invalid events
[2025-12-03 23:08:52] [INFO]   0 newly discovered events
[2025-12-03 23:08:52] [INFO] 
Archiving past events...
[2025-12-03 23:08:52] [INFO] 
[2025-12-03 23:08:52] [INFO] ============================================================
[2025-12-03 23:08:52] [INFO] VENUE SUMMARY
[2025-12-03 23:08:52] [INFO] ============================================================
[2025-12-03 23:08:52] [INFO] Venue                     Events  Errors       Time
[2025-12-03 23:08:52] [INFO] ------------------------------------------------------------
[2025-12-03 23:08:52] [INFO] Center Stage                  69       0      537ms
[2025-12-03 23:08:52] [INFO] Coca-Cola Roxy                24       0     1949ms
[2025-12-03 23:08:52] [INFO] Fox Theatre                    0       1    17435ms
[2025-12-03 23:08:52] [INFO] Mercedes-Benz Stadium         11       0      177ms
[2025-12-03 23:08:52] [INFO] State Farm Arena              75       0      597ms
[2025-12-03 23:08:52] [INFO] Tabernacle                    38       0     3261ms
[2025-12-03 23:08:52] [INFO] Terminal West                 56       0      685ms
[2025-12-03 23:08:52] [INFO] The Earl                      48       0    12472ms
[2025-12-03 23:08:52] [INFO] The Eastern                   40       0      713ms
[2025-12-03 23:08:52] [INFO] The Masquerade               106       0      737ms
[2025-12-03 23:08:52] [INFO] Variety Playhouse             48       0      732ms
[2025-12-03 23:08:52] [INFO] ------------------------------------------------------------
[2025-12-03 23:08:52] [INFO] TOTAL                        515       1 39294ms
[2025-12-03 23:08:52] [INFO] ============================================================
[2025-12-03 23:08:52] [INFO] 
Total valid events: 514
[2025-12-03 23:08:52] [ERROR] WARNING: Failed to scrape: Fox Theatre
[2025-12-03 23:08:52] [INFO] Events saved to /home/runner/work/atl-gigs/atl-gigs/atl-gigs/public/events/events.json
[2025-12-03 23:08:52] [INFO] Seen cache saved (514 events tracked)
[2025-12-03 23:08:52] [INFO] Status saved to /home/runner/work/atl-gigs/atl-gigs/atl-gigs/public/events/scrape-status.json

--- New Run ---
[2025-12-03 23:25:44] [INFO] Starting scrape run at 2025-12-03T23:25:44.281394Z
[2025-12-03 23:25:44] [INFO] Scraping The Earl...
[2025-12-03 23:25:55] [INFO]   Found 48 events
[2025-12-03 23:25:55] [INFO] Scraping Tabernacle...
[2025-12-03 23:25:58] [INFO]   Found 38 events
[2025-12-03 23:25:58] [INFO] Scraping Terminal West...
[2025-12-03 23:25:58] [INFO]   Found 56 events
[2025-12-03 23:25:58] [INFO] Scraping The Eastern...
[2025-12-03 23:25:59] [INFO]   Found 40 events
[2025-12-03 23:25:59] [INFO] Scraping Variety Playhouse...
[2025-12-03 23:25:59] [INFO]   Found 48 events
[2025-12-03 23:25:59] [INFO] Scraping Coca-Cola Roxy...
[2025-12-03 23:26:01] [INFO]   Found 24 events
[2025-12-03 23:26:01] [INFO] Scraping Fox Theatre...
[2025-12-03 23:26:21] [ERROR]   ERROR: Failed to scrape Fox Theatre: 406 Client Error after 3 retries
[2025-12-03 23:26:21] [ERROR]   Traceback:
Traceback (most recent call last):
  File "/home/runner/work/atl-gigs/atl-gigs/scrape.py", line 2301, in main
    events = scraper()
             ^^^^^^^^^
  File "/home/runner/work/atl-gigs/atl-gigs/scrape.py", line 1492, in scrape_fox_theatre
    ajax_events = scrape_fox_ajax_all_events()
                  ^^^^^^^^^^^^^^^^^^^^^^^^^^^^
  File "/home/runner/work/atl-gigs/atl-gigs/scrape.py", line 1358, in scrape_fox_ajax_all_events
    raise requests.exceptions.HTTPError(f"406 Client Error after {max_retries} retries")
requests.exceptions.HTTPError: 406 Client Error after 3 retries

[2025-12-03 23:26:21] [INFO] Scraping Mercedes-Benz Stadium...
[2025-12-03 23:26:21] [INFO]   Found 11 events
[2025-12-03 23:26:21] [INFO] Scraping State Farm Arena...
[2025-12-03 23:26:22] [INFO]   Found 75 events
[2025-12-03 23:26:22] [INFO] Scraping The Masquerade...
[2025-12-03 23:26:23] [INFO]   Found 106 events
[2025-12-03 23:26:23] [INFO] Scraping Center Stage...
[2025-12-03 23:26:24] [INFO]   Found 69 events
[2025-12-03 23:26:24] [INFO] 
Enriching events with Ticketmaster artist data...
[2025-12-03 23:26:24] [INFO] 
Processing events...
[2025-12-03 23:26:24] [WARNING]   Filtered out 1 invalid events
[2025-12-03 23:26:24] [INFO]   0 newly discovered events
[2025-12-03 23:26:24] [INFO] 
Archiving past events...
[2025-12-03 23:26:24] [INFO] 
[2025-12-03 23:26:24] [INFO] ============================================================
[2025-12-03 23:26:24] [INFO] VENUE SUMMARY
[2025-12-03 23:26:24] [INFO] ============================================================
[2025-12-03 23:26:24] [INFO] Venue                     Events  Errors       Time
[2025-12-03 23:26:24] [INFO] ------------------------------------------------------------
[2025-12-03 23:26:24] [INFO] Center Stage                  69       0      940ms
[2025-12-03 23:26:24] [INFO] Coca-Cola Roxy                24       0     2318ms
[2025-12-03 23:26:24] [INFO] Fox Theatre                    0       1    19918ms
[2025-12-03 23:26:24] [INFO] Mercedes-Benz Stadium         11       0      440ms
[2025-12-03 23:26:24] [INFO] State Farm Arena              75       0      593ms
[2025-12-03 23:26:24] [INFO] Tabernacle                    38       0     3278ms
[2025-12-03 23:26:24] [INFO] Terminal West                 56       0      249ms
[2025-12-03 23:26:24] [INFO] The Earl                      48       0    10988ms
[2025-12-03 23:26:24] [INFO] The Eastern                   40       0      207ms
[2025-12-03 23:26:24] [INFO] The Masquerade               106       0     1429ms
[2025-12-03 23:26:24] [INFO] Variety Playhouse             48       0      217ms
[2025-12-03 23:26:24] [INFO] ------------------------------------------------------------
[2025-12-03 23:26:24] [INFO] TOTAL                        515       1 40576ms
[2025-12-03 23:26:24] [INFO] ============================================================
[2025-12-03 23:26:24] [INFO] 
Total valid events: 514
[2025-12-03 23:26:24] [ERROR] WARNING: Failed to scrape: Fox Theatre
[2025-12-03 23:26:24] [INFO] Events saved to /home/runner/work/atl-gigs/atl-gigs/atl-gigs/public/events/events.json
[2025-12-03 23:26:24] [INFO] Seen cache saved (514 events tracked)
[2025-12-03 23:26:24] [INFO] Status saved to /home/runner/work/atl-gigs/atl-gigs/atl-gigs/public/events/scrape-status.json

--- New Run ---
[2025-12-03 23:27:35] [INFO] Starting scrape run at 2025-12-03T23:27:35.288838Z
[2025-12-03 23:27:35] [INFO] Scraping The Earl...
[2025-12-03 23:29:15] [ERROR]   ERROR: Failed to scrape The Earl: HTTPSConnectionPool(host='badearl.com', port=443): Max retries exceeded with url: /show-calendar/ (Caused by ConnectTimeoutError(<urllib3.connection.HTTPSConnection object at 0x7f1fb3199a90>, 'Connection to badearl.com timed out. (connect timeout=30)'))
[2025-12-03 23:29:15] [ERROR]   Traceback:
Traceback (most recent call last):
  File "/home/runner/work/atl-gigs/atl-gigs/venv/lib/python3.11/site-packages/urllib3/connection.py", line 198, in _new_conn
    sock = connection.create_connection(
           ^^^^^^^^^^^^^^^^^^^^^^^^^^^^^
  File "/home/runner/work/atl-gigs/atl-gigs/venv/lib/python3.11/site-packages/urllib3/util/connection.py", line 85, in create_connection
    raise err
  File "/home/runner/work/atl-gigs/atl-gigs/venv/lib/python3.11/site-packages/urllib3/util/connection.py", line 73, in create_connection
    sock.connect(sa)
TimeoutError: timed out

The above exception was the direct cause of the following exception:

Traceback (most recent call last):
  File "/home/runner/work/atl-gigs/atl-gigs/venv/lib/python3.11/site-packages/urllib3/connectionpool.py", line 787, in urlopen
    response = self._make_request(
               ^^^^^^^^^^^^^^^^^^^
  File "/home/runner/work/atl-gigs/atl-gigs/venv/lib/python3.11/site-packages/urllib3/connectionpool.py", line 488, in _make_request
    raise new_e
  File "/home/runner/work/atl-gigs/atl-gigs/venv/lib/python3.11/site-packages/urllib3/connectionpool.py", line 464, in _make_request
    self._validate_conn(conn)
  File "/home/runner/work/atl-gigs/atl-gigs/venv/lib/python3.11/site-packages/urllib3/connectionpool.py", line 1093, in _validate_conn
    conn.connect()
  File "/home/runner/work/atl-gigs/atl-gigs/venv/lib/python3.11/site-packages/urllib3/connection.py", line 753, in connect
    self.sock = sock = self._new_conn()
                       ^^^^^^^^^^^^^^^^
  File "/home/runner/work/atl-gigs/atl-gigs/venv/lib/python3.11/site-packages/urllib3/connection.py", line 207, in _new_conn
    raise ConnectTimeoutError(
urllib3.exceptions.ConnectTimeoutError: (<urllib3.connection.HTTPSConnection object at 0x7f1fb3199a90>, 'Connection to badearl.com timed out. (connect timeout=30)')

The above exception was the direct cause of the following exception:

Traceback (most recent call last):
  File "/home/runner/work/atl-gigs/atl-gigs/venv/lib/python3.11/site-packages/requests/adapters.py", line 644, in send
    resp = conn.urlopen(
           ^^^^^^^^^^^^^
  File "/home/runner/work/atl-gigs/atl-gigs/venv/lib/python3.11/site-packages/urllib3/connectionpool.py", line 841, in urlopen
    retries = retries.increment(
              ^^^^^^^^^^^^^^^^^^
  File "/home/runner/work/atl-gigs/atl-gigs/venv/lib/python3.11/site-packages/urllib3/util/retry.py", line 519, in increment
    raise MaxRetryError(_pool, url, reason) from reason  # type: ignore[arg-type]
    ^^^^^^^^^^^^^^^^^^^^^^^^^^^^^^^^^^^^^^^^^^^^^^^^^^^
urllib3.exceptions.MaxRetryError: HTTPSConnectionPool(host='badearl.com', port=443): Max retries exceeded with url: /show-calendar/ (Caused by ConnectTimeoutError(<urllib3.connection.HTTPSConnection object at 0x7f1fb3199a90>, 'Connection to badearl.com timed out. (connect timeout=30)'))

During handling of the above exception, another exception occurred:

Traceback (most recent call last):
  File "/home/runner/work/atl-gigs/atl-gigs/scrape.py", line 2301, in main
    events = scraper()
             ^^^^^^^^^
  File "/home/runner/work/atl-gigs/atl-gigs/scrape.py", line 1020, in scrape_earl
    return list(itertools.chain.from_iterable(parse_page(p) for p in pages()))
           ^^^^^^^^^^^^^^^^^^^^^^^^^^^^^^^^^^^^^^^^^^^^^^^^^^^^^^^^^^^^^^^^^^^
  File "/home/runner/work/atl-gigs/atl-gigs/scrape.py", line 1020, in <genexpr>
    return list(itertools.chain.from_iterable(parse_page(p) for p in pages()))
                                             ^^^^^^^^^^^^^^^^^^^^^^^^^^^^^^^^
  File "/home/runner/work/atl-gigs/atl-gigs/scrape.py", line 964, in pages
    text = fetch_with_retry(url)
           ^^^^^^^^^^^^^^^^^^^^^
  File "/home/runner/work/atl-gigs/atl-gigs/scrape.py", line 941, in fetch_with_retry
    r = requests.get(url, headers=EARL_HEADERS, timeout=30)
        ^^^^^^^^^^^^^^^^^^^^^^^^^^^^^^^^^^^^^^^^^^^^^^^^^^^
  File "/home/runner/work/atl-gigs/atl-gigs/venv/lib/python3.11/site-packages/requests/api.py", line 73, in get
    return request("get", url, params=params, **kwargs)
           ^^^^^^^^^^^^^^^^^^^^^^^^^^^^^^^^^^^^^^^^^^^^
  File "/home/runner/work/atl-gigs/atl-gigs/venv/lib/python3.11/site-packages/requests/api.py", line 59, in request
    return session.request(method=method, url=url, **kwargs)
           ^^^^^^^^^^^^^^^^^^^^^^^^^^^^^^^^^^^^^^^^^^^^^^^^^
  File "/home/runner/work/atl-gigs/atl-gigs/venv/lib/python3.11/site-packages/requests/sessions.py", line 589, in request
    resp = self.send(prep, **send_kwargs)
           ^^^^^^^^^^^^^^^^^^^^^^^^^^^^^^
  File "/home/runner/work/atl-gigs/atl-gigs/venv/lib/python3.11/site-packages/requests/sessions.py", line 703, in send
    r = adapter.send(request, **kwargs)
        ^^^^^^^^^^^^^^^^^^^^^^^^^^^^^^^
  File "/home/runner/work/atl-gigs/atl-gigs/venv/lib/python3.11/site-packages/requests/adapters.py", line 665, in send
    raise ConnectTimeout(e, request=request)
requests.exceptions.ConnectTimeout: HTTPSConnectionPool(host='badearl.com', port=443): Max retries exceeded with url: /show-calendar/ (Caused by ConnectTimeoutError(<urllib3.connection.HTTPSConnection object at 0x7f1fb3199a90>, 'Connection to badearl.com timed out. (connect timeout=30)'))

[2025-12-03 23:29:15] [INFO] Scraping Tabernacle...
[2025-12-03 23:29:16] [INFO]   Found 38 events
[2025-12-03 23:29:16] [INFO] Scraping Terminal West...
[2025-12-03 23:29:16] [INFO]   Found 56 events
[2025-12-03 23:29:16] [INFO] Scraping The Eastern...
[2025-12-03 23:29:16] [INFO]   Found 40 events
[2025-12-03 23:29:16] [INFO] Scraping Variety Playhouse...
[2025-12-03 23:29:16] [INFO]   Found 48 events
[2025-12-03 23:29:16] [INFO] Scraping Coca-Cola Roxy...
[2025-12-03 23:29:17] [INFO]   Found 24 events
[2025-12-03 23:29:17] [INFO] Scraping Fox Theatre...
[2025-12-03 23:29:34] [ERROR]   ERROR: Failed to scrape Fox Theatre: 406 Client Error after 3 retries
[2025-12-03 23:29:34] [ERROR]   Traceback:
Traceback (most recent call last):
  File "/home/runner/work/atl-gigs/atl-gigs/scrape.py", line 2301, in main
    events = scraper()
             ^^^^^^^^^
  File "/home/runner/work/atl-gigs/atl-gigs/scrape.py", line 1492, in scrape_fox_theatre
    ajax_events = scrape_fox_ajax_all_events()
                  ^^^^^^^^^^^^^^^^^^^^^^^^^^^^
  File "/home/runner/work/atl-gigs/atl-gigs/scrape.py", line 1358, in scrape_fox_ajax_all_events
    raise requests.exceptions.HTTPError(f"406 Client Error after {max_retries} retries")
requests.exceptions.HTTPError: 406 Client Error after 3 retries

[2025-12-03 23:29:34] [INFO] Scraping Mercedes-Benz Stadium...
[2025-12-03 23:29:35] [INFO]   Found 11 events
[2025-12-03 23:29:35] [INFO] Scraping State Farm Arena...
[2025-12-03 23:29:35] [INFO]   Found 75 events
[2025-12-03 23:29:35] [INFO] Scraping The Masquerade...
[2025-12-03 23:29:36] [INFO]   Found 106 events
[2025-12-03 23:29:36] [INFO] Scraping Center Stage...
[2025-12-03 23:29:37] [INFO]   Found 69 events
[2025-12-03 23:29:37] [INFO] 
Enriching events with Ticketmaster artist data...
[2025-12-03 23:29:37] [INFO] 
Processing events...
[2025-12-03 23:29:37] [WARNING]   Filtered out 1 invalid events
[2025-12-03 23:29:37] [INFO]   0 newly discovered events
[2025-12-03 23:29:37] [INFO] 
Archiving past events...
[2025-12-03 23:29:37] [INFO] 
[2025-12-03 23:29:37] [INFO] ============================================================
[2025-12-03 23:29:37] [INFO] VENUE SUMMARY
[2025-12-03 23:29:37] [INFO] ============================================================
[2025-12-03 23:29:37] [INFO] Venue                     Events  Errors       Time
[2025-12-03 23:29:37] [INFO] ------------------------------------------------------------
[2025-12-03 23:29:37] [INFO] Center Stage                  69       0      511ms
[2025-12-03 23:29:37] [INFO] Coca-Cola Roxy                24       0      605ms
[2025-12-03 23:29:37] [INFO] Fox Theatre                    0       1    17795ms
[2025-12-03 23:29:37] [INFO] Mercedes-Benz Stadium         11       0      380ms
[2025-12-03 23:29:37] [INFO] State Farm Arena              75       0      511ms
[2025-12-03 23:29:37] [INFO] Tabernacle                    38       0     1225ms
[2025-12-03 23:29:37] [INFO] Terminal West                 56       0       91ms
[2025-12-03 23:29:37] [INFO] The Earl                       0       1    99808ms
[2025-12-03 23:29:37] [INFO] The Eastern                   40       0       65ms
[2025-12-03 23:29:37] [INFO] The Masquerade               106       0      677ms
[2025-12-03 23:29:37] [INFO] Variety Playhouse             48       0       68ms
[2025-12-03 23:29:37] [INFO] ------------------------------------------------------------
[2025-12-03 23:29:37] [INFO] TOTAL                        467       2 121738ms
[2025-12-03 23:29:37] [INFO] ============================================================
[2025-12-03 23:29:37] [INFO] 
Total valid events: 466
[2025-12-03 23:29:37] [ERROR] WARNING: Failed to scrape: The Earl, Fox Theatre
[2025-12-03 23:29:37] [INFO] Events saved to /home/runner/work/atl-gigs/atl-gigs/atl-gigs/public/events/events.json
[2025-12-03 23:29:37] [INFO] Seen cache saved (466 events tracked)
[2025-12-03 23:29:37] [INFO] Status saved to /home/runner/work/atl-gigs/atl-gigs/atl-gigs/public/events/scrape-status.json
